I'm sorry, but errors were detected in your script. Please correct the
errors listed below, and try again.


File "game/script.rpy", line 42: invalid syntax
    define b = Character("[name]")
            ^
    

Ren'Py Version: Ren'Py 7.3.5.606
Thu May 21 16:26:45 2020
